<?xml version="1.0" ?>
<testsuites errors="0" failures="0" name="ABLUnit" tests="8"><testsuite name="D:/d6l/WorkSpace/SupplierInvoiceApprove/tests/SupplierInvoiceApproveTestCase.p" tests="8" time="10.703"><testcase name="TestGetCInvoiceSummaryInfoForAll" status="Success" time="8.477"/><testcase name="TestGetCInvoiceSummaryInfoForSingleInvoice" status="Success" time=".075"/><testcase name="TestGetCInvoiceSummaryInfoCrossCompany" status="Success" time="1.772"/><testcase name="TestGetCInvoiceSummaryInfoGetApprovedInvoice" status="Success" time=".063"/><testcase name="TestGetCInvoiceOtherInfoForAll" status="Success" time=".13"/><testcase name="TestGetCInvoiceOtherInfoForSingleInvoice" status="Success" time=".065"/><testcase name="TestGetCInvoiceOtherInfoCrossCompany" status="Success" time=".062"/><testcase name="TestGetCInvoiceOtherInfoGetApprovedInvoice" status="Success" time=".05"/></testsuite></testsuites>